// Jest Snapshot v1, https://goo.gl/fbAQLP

exports[`<Review /> renders 1`] = `"1: Food was goodDelete"`;
